[satvrn.li/index.html]
[backblue.gif]
[fade.gif]
[index.html]
[satvrn.li/assets/style.BdODQK01.css]
[satvrn.li/vp-icons.css]
[satvrn.li/assets/app.D0PJA33H.js]
[satvrn.li/assets/inter-roman-latin.Di8DUHzh.woff2]
[satvrn.li/assets/chunks/theme.Dih-XSac.js]
[satvrn.li/assets/chunks/framework.Ba2WKTFm.js]
[satvrn.li/assets/index.md.InfbcSla.lean.js]
[satvrn.li/logo.ico]
[satvrn.li/Satvrn.png]
[satvrn.li/faq.html]
[satvrn.li/tutorials.html]
[satvrn.li/safety.html]
[satvrn.li/changelog.html]
[satvrn.li/windows.html]
[satvrn.li/mac.html]
[satvrn.li/extensions.html]
[satvrn.li/beginnersguide.html]
[satvrn.li/gcc.html]
[satvrn.li/index.html]
[satvrn.li/websites.html]
[satvrn.li/assets/inter-roman-cyrillic-ext.BBPuwvHQ.woff2]
[satvrn.li/assets/inter-roman-cyrillic.C5lxZ8CY.woff2]
[satvrn.li/assets/inter-roman-greek-ext.CqjqNYQ-.woff2]
[satvrn.li/assets/inter-roman-greek.BBVDIX6e.woff2]
[satvrn.li/assets/inter-roman-vietnamese.BjW4sHH5.woff2]
[satvrn.li/assets/inter-roman-latin-ext.4ZJIpNVo.woff2]
[satvrn.li/assets/inter-italic-cyrillic-ext.r48I6akx.woff2]
[satvrn.li/assets/inter-italic-cyrillic.By2_1cv3.woff2]
[satvrn.li/assets/inter-italic-greek-ext.1u6EdAuj.woff2]
[satvrn.li/assets/inter-italic-greek.DJ8dCoTZ.woff2]
[satvrn.li/assets/inter-italic-vietnamese.BSbpV94h.woff2]
[satvrn.li/assets/inter-italic-latin-ext.CN1xVJS-.woff2]
[satvrn.li/assets/inter-italic-latin.C2AdPX0b.woff2]
[satvrn.li/assets/style.BdODQK01.css]
[satvrn.li/vp-icons.css]
[satvrn.li/assets/faq.md.DWYSr_tm.lean.js]
[satvrn.li/archived.html]
[satvrn.li/maxon.html]
[satvrn.li/extract.html]
[satvrn.li/versionswapguide.html]
[satvrn.li/ae-paths.html]
[satvrn.li/macked.html]
[satvrn.li/genp.html]
[satvrn.li/rosetta.html]
[satvrn.li/faq.html]
[satvrn.li/footage.html]
[satvrn.li/tutorials.html]
[satvrn.li/assets/tutorials.md.DygtBK-5.lean.js]
[satvrn.li/safety.html]
[satvrn.li/assets/safety.md.BVq2fTRD.lean.js]
[satvrn.li/changelog.html]
[satvrn.li/assets/changelog.md.QTdIU0PI.lean.js]
[satvrn.li/windows.html]
[satvrn.li/assets/windows.md.-1eluWPw.lean.js]
[satvrn.li/mac.html]
[satvrn.li/assets/mac.md.CF-507bJ.lean.js]
[satvrn.li/extensions.html]
[satvrn.li/assets/extensions.md.D0QpNctE.lean.js]
[satvrn.li/assets/beginnersguide.md.D8lkGfoW.lean.js]
[satvrn.li/B703F7F1-65EB-4EA9-8544-233C19E2824A.jpg]
[satvrn.li/beginnersguide.html]
[satvrn.li/assets/gcc.md.jCLQv-K9.lean.js]
[b.thumbs.redditmedia.com/sbLzTKAiZnQqjK7IuJtm-TKzcMctIpjMEfaMzs6eiIA.png]
[i.ibb.co/j4BkW0F/phonto.jpg]
[i.ibb.co/BBxN4z2/image.png]
[b.thumbs.redditmedia.com/kbmRrE_CMsxMdZISJ1zQ-GsP2mY3gJlsrAHpWYs3QTk.png]
[b.thumbs.redditmedia.com/r06GUpx75wQ183VGlp0-NrsRQfOwETXrD1ib0yZdOwI.png]
[satvrn.li/gcc.html]
[satvrn.li/websites.html]
[satvrn.li/assets/websites.md.6kNJtCvR.lean.js]
[satvrn.li/archived.html]
[satvrn.li/assets/archived.md.CtpVmo90.lean.js]
[satvrn.li/assets/maxon.md.r6_YCeZH.lean.js]
[satvrn.li/maxon.html]
[satvrn.li/extract.html]
[satvrn.li/assets/extract.md.CDt_Prts.lean.js]
[satvrn.li/versionswapguide.html]
[satvrn.li/assets/versionswapguide.md.S--hk1eE.lean.js]
[satvrn.li/ae-paths.html]
[satvrn.li/assets/ae-paths.md.6aqPPbaL.lean.js]
[satvrn.li/macked.html]
[satvrn.li/assets/macked.md.TUK1D_m3.lean.js]
[satvrn.li/genp.html]
[satvrn.li/assets/genp.md.CdLQvhOs.lean.js]
[satvrn.li/rosetta.html]
[satvrn.li/assets/rosetta.md.BYOXA7m-.lean.js]
[satvrn.li/footage.html]
[satvrn.li/assets/footage.md.D6Uzcz4p.lean.js]
